Collecting flask<4.0.0,>=2.3.0 (from -r requirements.txt (line 2))
  Downloading flask-3.1.3-py3-none-any.whl.metadata (3.2 kB)
Collecting asn1tools>=0.160.0 (from -r requirements.txt (line 3))
  Downloading asn1tools-0.167.0.tar.gz (864 kB)
     ━━━━━━━━━━━━━━━━━━━━━━━━━━━━━━━━━━━━━━━━ 864.5/864.5 kB 79.1 kB/s  0:00:10
  Installing build dependencies: started
  Installing build dependencies: finished with status 'done'
  Getting requirements to build wheel: started
  Getting requirements to build wheel: finished with status 'done'
  Preparing metadata (pyproject.toml): started
  Preparing metadata (pyproject.toml): finished with status 'done'
Collecting werkzeug>=2.3.0 (from -r requirements.txt (line 4))
  Downloading werkzeug-3.1.8-py3-none-any.whl.metadata (4.0 kB)
Collecting blinker>=1.9.0 (from flask<4.0.0,>=2.3.0->-r requirements.txt (line 2))
  Downloading blinker-1.9.0-py3-none-any.whl.metadata (1.6 kB)
Collecting click>=8.1.3 (from flask<4.0.0,>=2.3.0->-r requirements.txt (line 2))
  Downloading click-8.3.3-py3-none-any.whl.metadata (2.6 kB)
Collecting itsdangerous>=2.2.0 (from flask<4.0.0,>=2.3.0->-r requirements.txt (line 2))
  Downloading itsdangerous-2.2.0-py3-none-any.whl.metadata (1.9 kB)
Collecting jinja2>=3.1.2 (from flask<4.0.0,>=2.3.0->-r requirements.txt (line 2))
  Downloading jinja2-3.1.6-py3-none-any.whl.metadata (2.9 kB)
Collecting markupsafe>=2.1.1 (from flask<4.0.0,>=2.3.0->-r requirements.txt (line 2))
  Downloading markupsafe-3.0.3-cp312-cp312-manylinux2014_x86_64.manylinux_2_17_x86_64.manylinux_2_28_x86_64.whl.metadata (2.7 kB)
Collecting pyparsing>=3.1.2 (from asn1tools>=0.160.0->-r requirements.txt (line 3))
  Downloading pyparsing-3.3.2-py3-none-any.whl.metadata (5.8 kB)
Collecting bitstruct (from asn1tools>=0.160.0->-r requirements.txt (line 3))
  Downloading bitstruct-8.22.1-cp312-cp312-manylinux2014_x86_64.manylinux_2_17_x86_64.manylinux_2_28_x86_64.whl.metadata (7.3 kB)
Downloading flask-3.1.3-py3-none-any.whl (103 kB)
Downloading werkzeug-3.1.8-py3-none-any.whl (226 kB)
Downloading blinker-1.9.0-py3-none-any.whl (8.5 kB)
Downloading click-8.3.3-py3-none-any.whl (110 kB)
Downloading itsdangerous-2.2.0-py3-none-any.whl (16 kB)
Downloading jinja2-3.1.6-py3-none-any.whl (134 kB)
Downloading markupsafe-3.0.3-cp312-cp312-manylinux2014_x86_64.manylinux_2_17_x86_64.manylinux_2_28_x86_64.whl (22 kB)
Downloading pyparsing-3.3.2-py3-none-any.whl (122 kB)
Downloading bitstruct-8.22.1-cp312-cp312-manylinux2014_x86_64.manylinux_2_17_x86_64.manylinux_2_28_x86_64.whl (81 kB)
Building wheels for collected packages: asn1tools
  Building wheel for asn1tools (pyproject.toml): started
  Building wheel for asn1tools (pyproject.toml): finished with status 'done'
  Created wheel for asn1tools: filename=asn1tools-0.167.0-py3-none-any.whl size=119681 sha256=745968ed64092df94b000d1e3023a42b098aa38a58b35c903c5d98be8b3f8181
  Stored in directory: /home/yoany.fuentes/.cache/pip/wheels/9c/46/5b/d4ea3fe121135f7963af377307d7652cc987f69b7dda3d6f28
Successfully built asn1tools
Installing collected packages: pyparsing, markupsafe, itsdangerous, click, blinker, bitstruct, werkzeug, jinja2, asn1tools, flask

Successfully installed asn1tools-0.167.0 bitstruct-8.22.1 blinker-1.9.0 click-8.3.3 flask-3.1.3 itsdangerous-2.2.0 jinja2-3.1.6 markupsafe-3.0.3 pyparsing-3.3.2 werkzeug-3.1.8
